<attributes>
	<attribute name="memberUid">
		<item value="sunsetadmin" />
		<item value="daybreakadmin" />
		<item value="daybreaknorealmadmin" />
		<item value="mreynolds" />
	</attribute>
	<attribute name="entryUUID"
		value="41b160f3-be5a-4389-a776-ff1de2ec91ec" />
	<attribute name="gidNumber" value="505" />
	<attribute name="mail"
		value="leaadministrator@ibissource.org" />
	<attribute name="entryDN"
		value="cn=lea administrator,ou=groups,ou=development,dc=ibissource,dc=org" />
	<attribute name="objectClass">
		<item value="posixGroup" />
		<item value="top" />
	</attribute>
	<attribute name="changetype" value="add" />
	<attribute name="modifyTimestamp" value="20210702132846.150Z" />
	<attribute name="modifiersName" value="cn=Internal Root User" />
	<attribute name="createTimestamp" value="20210702132846.150Z" />
	<attribute name="creatorsName" value="cn=Internal Root User" />
	<attribute name="cn" value="LEA Administrator" />
	<attribute name="subschemaSubentry" value="cn=schema" />
</attributes>