<context name="dc=ibissource,dc=org">
	<context name="ou=development">
		<context name="ou=groups">
			<context name="cn=Application Developer">
				<attributes>
					<attribute name="memberUid">
						<item value="testdeveloper" />
						<item value="developer" />
						<item value="slcdeveloper" />
						<item value="developer-email@ibissource.org" />
						<item value="devldapuser@ibissource.org" />
						<item value="sandboxdeveloper" />
						<item value="admintest-developer@ibissource.org" />
					</attribute>
					<attribute name="entryUUID" value="695e99bf-8d9a-4b83-8b64-79b06fe7b09e" />
					<attribute name="gidNumber" value="506" />
					<attribute name="entryDN"
						value="cn=application developer,ou=groups,ou=development,dc=ibissource,dc=org" />
					<attribute name="objectClass">
						<item value="posixGroup" />
						<item value="top" />
					</attribute>
					<attribute name="changetype" value="add" />
					<attribute name="modifyTimestamp" value="20180105122739.305Z" />
					<attribute name="modifiersName" value="cn=Internal Root User" />
					<attribute name="createTimestamp" value="20180105122739.305Z" />
					<attribute name="creatorsName" value="cn=Internal Root User" />
					<attribute name="cn" value="Application Developer" />
					<attribute name="subschemaSubentry" value="cn=schema" />
				</attributes>
			</context>
			<context name="cn=LEA Administrator">
				<attributes>
					<attribute name="memberUid">
						<item value="sunsetadmin" />
						<item value="daybreakadmin" />
						<item value="daybreaknorealmadmin" />
						<item value="mreynolds" />
					</attribute>
					<attribute name="entryUUID" value="0e87629b-218b-4f22-b539-763e9546cdb2" />
					<attribute name="gidNumber" value="505" />
					<attribute name="mail" value="info@ibissource.org" />
					<attribute name="entryDN"
						value="cn=lea administrator,ou=groups,ou=development,dc=ibissource,dc=org" />
					<attribute name="objectClass">
						<item value="posixGroup" />
						<item value="top" />
					</attribute>
					<attribute name="changetype" value="add" />
					<attribute name="modifyTimestamp" value="20180108111826.119Z" />
					<attribute name="modifiersName" value="" />
					<attribute name="createTimestamp" value="20180108111825.913Z" />
					<attribute name="creatorsName" value="cn=Internal Root User" />
					<attribute name="cn" value="LEA Administrator" />
					<attribute name="subschemaSubentry" value="cn=schema" />
				</attributes>
			</context>
			<context name="cn=Realm Administrator">
				<attributes>
					<attribute name="memberUid">
						<item value="fakerealmadmin" />
						<item value="sunsetadmin" />
						<item value="nyadmin" />
						<item value="sunsetrealmadmin" />
						<item value="daybreakadmin" />
						<item value="mreynoldsGRFCuEDNjZSMfahLDbIlZuxYqdbnbFzOd" />
					</attribute>
					<attribute name="entryUUID" value="433d4e3c-a57f-45e2-9c15-36b77b8a8b0c" />
					<attribute name="gidNumber" value="509" />
					<attribute name="entryDN"
						value="cn=realm administrator,ou=groups,ou=development,dc=ibissource,dc=org" />
					<attribute name="objectClass">
						<item value="posixGroup" />
						<item value="top" />
					</attribute>
					<attribute name="changetype" value="add" />
					<attribute name="modifyTimestamp" value="20180105122739.305Z" />
					<attribute name="modifiersName" value="cn=Internal Root User" />
					<attribute name="createTimestamp" value="20180105122739.305Z" />
					<attribute name="creatorsName" value="cn=Internal Root User" />
					<attribute name="cn" value="Realm Administrator" />
					<attribute name="subschemaSubentry" value="cn=schema" />
				</attributes>
			</context>
			<context name="cn=SEA Administrator">
				<attributes>
					<attribute name="memberUid">
						<item value="nyadmin" />
						<item value="iladmin" />
						<item value="mreynolds" />
					</attribute>
					<attribute name="entryUUID" value="28a2d2f4-0229-4fff-bfef-ca2dc6853eeb" />
					<attribute name="gidNumber" value="508" />
					<attribute name="entryDN"
						value="cn=sea administrator,ou=groups,ou=development,dc=ibissource,dc=org" />
					<attribute name="objectClass">
						<item value="posixGroup" />
						<item value="top" />
					</attribute>
					<attribute name="changetype" value="add" />
					<attribute name="modifyTimestamp" value="20180105122739.305Z" />
					<attribute name="modifiersName" value="cn=Internal Root User" />
					<attribute name="createTimestamp" value="20180105122739.305Z" />
					<attribute name="creatorsName" value="cn=Internal Root User" />
					<attribute name="cn" value="SEA Administrator" />
					<attribute name="subschemaSubentry" value="cn=schema" />
				</attributes>
			</context>
			<attributes>
				<attribute name="ou" value="groups" />
				<attribute name="entryUUID" value="527e4de6-46b4-4860-aeaf-2729dbf948dd" />
				<attribute name="entryDN"
					value="ou=groups,ou=development,dc=ibissource,dc=org" />
				<attribute name="objectClass">
					<item value="organizationalUnit" />
					<item value="top" />
				</attribute>
				<attribute name="changetype" value="add" />
				<attribute name="modifyTimestamp" value="20180105122739.304Z" />
				<attribute name="modifiersName" value="cn=Internal Root User" />
				<attribute name="creatorsName" value="cn=Internal Root User" />
				<attribute name="createTimestamp" value="20180105122739.304Z" />
				<attribute name="subschemaSubentry" value="cn=schema" />
			</attributes>
		</context>
		<context name="ou=people">
			<context name="cn=Daybreak Admin">
				<attributes>
					<attribute name="displayName" value="0bd6b800ec046191473a61b9b9584c48" />
					<attribute name="givenName" value="Daybreak" />
					<attribute name="entryDN"
						value="cn=daybreak admin,ou=people,ou=development,dc=ibissource,dc=org" />
					<attribute name="modifyTimestamp" value="20180105122739.307Z" />
					<attribute name="objectClass">
						<item value="inetOrgPerson" />
						<item value="posixAccount" />
						<item value="top" />
					</attribute>
					<attribute name="userPassword" value="[B@1358f03" />
					<attribute name="createTimestamp" value="20180105122739.307Z" />
					<attribute name="subschemaSubentry" value="cn=schema" />
					<attribute name="uid" value="daybreakadmin" />
					<attribute name="mail" value="daybreakadmin@ibissource.org" />
					<attribute name="uidNumber" value="1119" />
					<attribute name="cn" value="Daybreak Admin" />
					<attribute name="changetype" value="add" />
					<attribute name="loginShell" value="/bin/sh" />
					<attribute name="modifiersName" value="cn=Internal Root User" />
					<attribute name="creatorsName" value="cn=Internal Root User" />
					<attribute name="gidNumber" value="505" />
					<attribute name="description" value="tenant=Midgar edOrg=IL-DAYBREAK" />
					<attribute name="homeDirectory"
						value="/ingestion/lz/Midgar/13e785053e77f7d6b064cdcd43167f70ae8c32ca88c6a3b9b0c8cd52458faa77" />
					<attribute name="sn" value="Admin" />
					<attribute name="entryUUID" value="22b3dbac-e7f7-4595-9d68-9a549c4912ff" />
				</attributes>
			</context>
			<context name="cn=SLC Operator">
				<attributes>
					<attribute name="displayName" value="2ccd88620d9d3fb3ee8ee839c806fb73" />
					<attribute name="givenName" value="SLC" />
					<attribute name="entryDN"
						value="cn=slc operator,ou=people,ou=development,dc=ibissource,dc=org" />
					<attribute name="modifyTimestamp" value="20180105122739.307Z" />
					<attribute name="objectClass">
						<item value="inetOrgPerson" />
						<item value="posixAccount" />
						<item value="top" />
					</attribute>
					<attribute name="userPassword" value="[B@11946c2" />
					<attribute name="createTimestamp" value="20180105122739.307Z" />
					<attribute name="subschemaSubentry" value="cn=schema" />
					<attribute name="uid" value="slcoperator" />
					<attribute name="mail" value="slcoperator@ibissource.org" />
					<attribute name="uidNumber" value="1118" />
					<attribute name="cn" value="SLC Operator" />
					<attribute name="changetype" value="add" />
					<attribute name="loginShell" value="/bin/sh" />
					<attribute name="modifiersName" value="cn=Internal Root User" />
					<attribute name="creatorsName" value="cn=Internal Root User" />
					<attribute name="gidNumber" value="504" />
					<attribute name="homeDirectory" value="/home/users/slcoperator" />
					<attribute name="sn" value="Operator" />
					<attribute name="entryUUID" value="e9c32c4e-229f-4234-a093-cf5c1a817cda" />
				</attributes>
			</context>
			<attributes>
				<attribute name="ou" value="people" />
				<attribute name="entryUUID" value="f3569c7e-b8d2-482c-ac3c-aab91faa6275" />
				<attribute name="entryDN"
					value="ou=people,ou=development,dc=ibissource,dc=org" />
				<attribute name="objectClass">
					<item value="organizationalUnit" />
					<item value="top" />
				</attribute>
				<attribute name="changetype" value="add" />
				<attribute name="modifyTimestamp" value="20180105122739.305Z" />
				<attribute name="modifiersName" value="cn=Internal Root User" />
				<attribute name="creatorsName" value="cn=Internal Root User" />
				<attribute name="createTimestamp" value="20180105122739.305Z" />
				<attribute name="subschemaSubentry" value="cn=schema" />
			</attributes>
		</context>
		<attributes>
			<attribute name="ou" value="development" />
			<attribute name="entryUUID" value="284b15a9-c5da-4aa4-9bca-e8114cc2f5bc" />
			<attribute name="entryDN" value="ou=development,dc=ibissource,dc=org" />
			<attribute name="objectClass" value="organizationalUnit" />
			<attribute name="changetype" value="add" />
			<attribute name="modifyTimestamp" value="20180105122739.304Z" />
			<attribute name="modifiersName" value="cn=Internal Root User" />
			<attribute name="creatorsName" value="cn=Internal Root User" />
			<attribute name="createTimestamp" value="20180105122739.304Z" />
			<attribute name="subschemaSubentry" value="cn=schema" />
		</attributes>
	</context>
	<attributes>
		<attribute name="entryUUID" value="b08198a1-46da-4959-b175-5bf101d00117" />
		<attribute name="entryDN" value="dc=ibissource,dc=org" />
		<attribute name="objectClass">
			<item value="top" />
			<item value="domain" />
		</attribute>
		<attribute name="modifyTimestamp" value="20180105122739.289Z" />
		<attribute name="modifiersName" value="cn=Internal Root User" />
		<attribute name="creatorsName" value="cn=Internal Root User" />
		<attribute name="createTimestamp" value="20180105122739.289Z" />
		<attribute name="subschemaSubentry" value="cn=schema" />
		<attribute name="dc" value="ibissource" />
	</attributes>
</context>
